// Jest Snapshot v1, https://goo.gl/fbAQLP

exports[`index sitemap 1`] = `
"<?xml version=\\"1.0\\" encoding=\\"UTF-8\\"?>
<?xml-stylesheet type=\\"text/xsl\\" href=\\"/__sitemap__/style.xsl\\"?>
<urlset xmlns:xsi=\\"http://www.w3.org/2001/XMLSchema-instance\\" xmlns:video=\\"http://www.google.com/schemas/sitemap-video/1.1\\" xmlns:xhtml=\\"http://www.w3.org/1999/xhtml\\" xmlns:image=\\"http://www.google.com/schemas/sitemap-image/1.1\\" xmlns:news=\\"http://www.google.com/schemas/sitemap-news/0.9\\" xsi:schemaLocation=\\"http://www.sitemaps.org/schemas/sitemap/0.9 http://www.sitemaps.org/schemas/sitemap/0.9/sitemap.xsd http://www.google.com/schemas/sitemap-image/1.1 http://www.google.com/schemas/sitemap-image/1.1/sitemap-image.xsd\\" xmlns=\\"http://www.sitemaps.org/schemas/sitemap/0.9\\">
  <url>
    <loc>http://127.0.0.1:3000/de</loc>
    <xhtml:link rel=\\"alternate\\" href=\\"http://127.0.0.1:3000/de\\"/>
    <xhtml:link rel=\\"alternate\\" hreflang=\\"x-default\\" href=\\"http://127.0.0.1:3000/en\\"/>
  </url>
  <url>
    <loc>http://127.0.0.1:3000/en</loc>
    <xhtml:link rel=\\"alternate\\" href=\\"http://127.0.0.1:3000/de\\"/>
    <xhtml:link rel=\\"alternate\\" hreflang=\\"x-default\\" href=\\"http://127.0.0.1:3000/en\\"/>
  </url>
</urlset>
<!-- XML Sitemap generated by @nuxtjs/sitemap v7.2.10 at 2025-04-06T15:11:13.355Z -->"
`;
